../../../../STM32Cube_FW_N6/Drivers/STM32N6xx_HAL_Driver/Inc/stm32n6xx_ll_bus.h:679:22:LL_MEM_EnableClock	1
../../../../STM32Cube_FW_N6/Drivers/STM32N6xx_HAL_Driver/Inc/stm32n6xx_ll_bus.h:785:22:LL_MEM_EnableClockLowPower	1
../../../../STM32Cube_FW_N6/Drivers/STM32N6xx_HAL_Driver/Inc/stm32n6xx_ll_bus.h:2065:22:LL_AHB5_GRP1_EnableClockLowPower	1
C:/Users/Sola/stm32ai-modelzoo-services/application_code/object_detection/STM32N6/Application/NUCLEO-N657X0-Q/Src/main.c:186:5:main	33
C:/Users/Sola/stm32ai-modelzoo-services/application_code/object_detection/STM32N6/Application/NUCLEO-N657X0-Q/Src/main.c:510:19:MX_DCMIPP_ClockConfig	2
C:/Users/Sola/stm32ai-modelzoo-services/application_code/object_detection/STM32N6/Application/NUCLEO-N657X0-Q/Src/main.c:655:5:_write	2
C:/Users/Sola/stm32ai-modelzoo-services/application_code/object_detection/STM32N6/Application/NUCLEO-N657X0-Q/Src/main.c:811:6:IAC_IRQHandler	1
C:/Users/Sola/stm32ai-modelzoo-services/application_code/object_detection/STM32N6/Application/NUCLEO-N657X0-Q/Src/main.c:816:6:npu_cache_enable_clocks_and_reset	1
C:/Users/Sola/stm32ai-modelzoo-services/application_code/object_detection/STM32N6/Application/NUCLEO-N657X0-Q/Src/main.c:824:6:npu_cache_disable_clocks_and_reset	1
C:/Users/Sola/stm32ai-modelzoo-services/application_code/object_detection/STM32N6/Application/NUCLEO-N657X0-Q/Src/main.c:832:6:assert_failed	1
